Tämä on testiviesti.
Järjestelmäaika: 2026-08-31 08:08:47.271334
